node.exe : prisma:warn In production, we recommend using `prisma generate --no-engine` (See: 
`prisma generate --help`)
En línea: 1 Carácter: 1
+ & "C:\Program Files\nodejs/node.exe" "C:\Program Files\nodejs/node_mo ...
+ ~~~~~~~~~~~~~~~~~~~~~~~~~~~~~~~~~~~~~~~~~~~~~~~~~~~~~~~~~~~~~~~~~~~~~
    + CategoryInfo          : NotSpecified: (prisma:warn In ...nerate --help`):String) [], Remo 
   teException
    + FullyQualifiedErrorId : NativeCommandError
 
­ƒº¬ Starting Enterprise Features Test...

Testing 1: AI Personality (Mohny)...
TypeError: Cannot read properties of undefined (reading 'MOHNY')
    at testEnterpriseFeatures 
(C:\Users\ASUS\Desktop\creatiendas\B2Chat\scripts\test-enterprise-features.ts:12:20)
    at <anonymous> 
(C:\Users\ASUS\Desktop\creatiendas\B2Chat\scripts\test-enterprise-features.ts:68:1)
    at Object.<anonymous> 
(C:\Users\ASUS\Desktop\creatiendas\B2Chat\scripts\test-enterprise-features.ts:72:6)
    at Module._compile (node:internal/modules/cjs/loader:1706:14)
    at Object.transformer 
(C:\Users\ASUS\Desktop\creatiendas\B2Chat\node_modules\tsx\dist\register-D46fvsV_.cjs:3:1104)
    at Module.load (node:internal/modules/cjs/loader:1441:32)
    at Function._load (node:internal/modules/cjs/loader:1263:12)
    at TracingChannel.traceSync (node:diagnostics_channel:322:14)
    at wrapModuleLoad (node:internal/modules/cjs/loader:237:24)
    at cjsLoader (node:internal/modules/esm/translators:268:5)
